// Jest Snapshot v1, https://goo.gl/fbAQLP

exports[`al-pacino 1`] = `
Object {
  "events": Array [
    Object {
      "comments": Array [
        Object {
          "text": "Pacino is the son of full-on Italians and was raised as such, which includes Catholicism. But it seems to have been only in name that Pacino was Catholic.",
        },
      ],
      "isQuoteByNotablePerson": true,
      "quote": "My parents were Italian, and they had me baptized, but I was not raised in the Catholic tradition. I come from a broken home.",
      "sourceUrl": "http://www.moviecrazed.com/outpast/alpacdowney.html",
    },
    Object {
      "comments": Array [
        Object {
          "text": "So, Pacino indicates that he's not really a Catholic. Then what is he? This is where things get difficult. Much like his fellow iconic, mobster movie stars Marlon Brando and Robert De Niro, Pacino won't talk about it in interviews. Not talking about his religion might be a precondition to giving an interview. Some sources cite him as an agnostic, which makes sense. It's the easy way out of religious commitment.",
        },
      ],
      "isQuoteByNotablePerson": true,
      "quote": "My philosophy? Man is a little bit better than his reputation, and a little bit worse.",
      "sourceUrl": "http://velvet_peach.tripod.com/apacinoquotes.html",
    },
    Object {
      "comments": Array [
        Object {
          "text": "Pacino indicates his liberal view of sexual orientation, indicating confusion regarding any sort of intolerance.",
        },
      ],
      "isQuoteByNotablePerson": true,
      "quote": "I don't understand the hatred and fear of gays and bisexuals and lesbians…it's a concept I honestly cannot grasp. To me, it's not who you love…a man, a woman, what have you…it's the fact THAT you love. That is all that truly matters.",
      "sourceUrl": "http://www.imdb.com/name/nm0000199/bio",
    },
  ],
  "labels": Array [],
  "notablePerson": Object {
    "name": "Al Pacino",
  },
  "summary": "Pacino was raised an Italian Catholic, but it wasn't a powerful force in his family. Now, he's probably an agnostic.
Pacino has supported Democrats financially and expressed a liberal view toward sexual orientation. ",
}
`;

exports[`george-clooney 1`] = `
Object {
  "events": Array [
    Object {
      "comments": Array [
        Object {
          "text": "Clooney speaks highly of his Catholic roots.",
        },
      ],
      "isQuoteByNotablePerson": true,
      "quote": "I used to go to confession every week….I grew up with a great sense of structure and respect.",
      "sourceUrl": "http://www.exacteditions.com/exact/browse/397/440/2440/3/16",
    },
    Object {
      "comments": Array [
        Object {
          "text": "Clearly, Clooney has outgrown his childhood religion and now, has no problem telling the world he's an Agnostic.",
        },
      ],
      "isQuoteByNotablePerson": true,
      "quote": "I don't believe in Heaven and Hell. I don't know if I believe in God. All I know is that as an individual, I won't allow this life — the only thing I know to exist — to be wasted.",
      "sourceUrl": "http://www.celebatheists.com/wiki/George_Clooney",
    },
    Object {
      "comments": Array [
        Object {
          "text": "Still, he's very careful to stress that he has no problem with those with religious beliefs.",
        },
      ],
      "isQuoteByNotablePerson": true,
      "quote": "Whatever anybody believes as long as it doesn't hurt anybody else, it's fair enough, and works, and I think, is real, and matters. I don't happen to have those beliefs, as much, you know, I don't believe in those things.",
      "sourceUrl": "http://transcripts.cnn.com/TRANSCRIPTS/0602/16/lkl.01.html",
    },
    Object {
      "comments": Array [
        Object {
          "text": "Politically, Clooney has been very active throughout his career.",
        },
      ],
      "isQuoteByNotablePerson": true,
      "quote": "I'm a liberal. I'm confused when that became a bad word…the liberal movement morally, you know, has stood on the right side of an awful lot of issues. We thought that blacks should be allowed to sit at the front of the bus and women should be able to vote, McCarthy was wrong, Vietnam was a mistake.",
      "sourceUrl": "http://usliberals.about.com/od/celebrityactivists/a/GClooney.htm",
    },
    Object {
      "comments": Array [
        Object {
          "text": "It's not surprising Clooney turned his fame as an actor towards political causes. His father was a journalist who went after corrupt politicians in his time.",
        },
      ],
      "isQuoteByNotablePerson": true,
      "quote": "My dad, who went after OPEC for raising gas prices and Gerald Ford for pardoning Richard Nixon, believed it's your responsibility—not just your right—to question authority.",
      "sourceUrl": "http://usliberals.about.com/od/celebrityactivists/a/GClooney.htm",
    },
  ],
  "labels": Array [],
  "notablePerson": Object {
    "name": "George Clooney",
  },
  "summary": "Clooney was raised a Catholic, but has since proclaimed himself an agnostic, bordering on atheism.
Clooney is a proud liberal and has lent his star power to many causes. He's spoken out against war, poverty, environmental issues, and more.",
}
`;

exports[`robert-redford 1`] = `
Object {
  "events": Array [
    Object {
      "comments": Array [
        Object {
          "text": "As an adult, Redford is wary of religion.",
        },
      ],
      "isQuoteByNotablePerson": true,
      "quote": "I don't believe in organized religion, because I don't believe people should be organized in how they think, in what they believe.",
      "sourceUrl": "http://www.celebatheists.com/wiki/Robert_Redford",
    },
    Object {
      "comments": Array [
        Object {
          "text": "But he does seem to, at some point in his life, have taken up a spiritual quest.",
        },
      ],
      "isQuoteByNotablePerson": true,
      "quote": "Is there an afterlife? As far as I know, this is it. It's all we've got. You take your opportunities and you go for it.",
      "sourceUrl": "http://www.celebatheists.com/wiki/Robert_Redford",
    },
    Object {
      "comments": Array [
        Object {
          "text": "This does not necessarily translate to alignment with the Democrats. While a little more than half of Redford's nearly $50,000 in campaign contributions has gone to Democrats, he has supported Republicans as well. And in 2011, Redford penned a piece for the Huffington Post in which he slammed the Obama administration for not sticking to its word regarding environmental issues.",
        },
      ],
      "isQuoteByNotablePerson": true,
      "quote": "One reason I supported President Obama is because he said we must protect clean air, water and lands. But what good is it to say the right thing unless you act on it?",
      "sourceUrl": "http://www.huffingtonpost.com/robert-redford/keystone-epa-obama-2012_b_947515.html",
    },
  ],
  "labels": Array [],
  "notablePerson": Object {
    "name": "Robert Redford",
  },
  "summary": "Redford is an agnostic, maybe an atheist. 
Redford is mostly liberal with his focus on environmentalism and critiques of American foreign policy and Republicans, but has contributed to politicians across the spectrum and has expressed admiration for the anarchist ideology. ",
}
`;

exports[`seth-macfarlane 1`] = `
Object {
  "events": Array [
    Object {
      "comments": Array [
        Object {
          "text": "Seth MacFarlane was born in Newburyport, Massachusetts. MacFarlane grew up Catholic and went to church, however, he was satirizing religion as young as 11 years old, when he was allowed to draw a comic strip for the local newspaper.",
        },
      ],
      "isQuoteByNotablePerson": true,
      "quote": "I did a strip that had a guy kneeling at the altar taking Communion and saying can I have fries with that? And to my 11-year-old brain that was comedy.",
      "sourceUrl": "http://www.npr.org/templates/transcript/transcript.php?storyId=140946967",
    },
    Object {
      "comments": Array [
        Object {
          "text": "He is an atheist and rather outspoken about it. But when it comes to atheism, MacFarlane is more Ricky Gervais than Christopher Hitchens. Occasionally, he'll get serious but, for the most part, MacFarlane is funny about it and doesn't seem to care to get into lengthy, theological or philosophical discussions. He's just an atheist and might crack a joke or two about religion.",
        },
      ],
      "isQuoteByNotablePerson": true,
      "quote": "Stay away from the church. In the battle over science vs. religion, science offers credible evidence for all the serious claims it makes. The church says, 'Oh, it's right here in this book, see? The one written by people who thought the sun was magic?' I for one would like to see some proof that there is a God. And if you say 'a baby's smile' I'm going to kick you right in the stomach.",
      "sourceUrl": "http://www.celebatheists.com/wiki/Seth_MacFarlane",
    },
    Object {
      "comments": Array [
        Object {
          "text": "To add to his list of liberal credentials, MacFarlane has been a staunch supporter of gay rights and came out against Arizona's draconian immigration law.",
        },
      ],
      "isQuoteByNotablePerson": true,
      "quote": "[The] civil-rights battle will be won eventually. They'll just have to sulk in a corner and accept the fact that gays will be able to marry each other. Every civil-rights conflict—black people, women—comes to an end in the right way.",
      "sourceUrl": "http://www.mediaite.com/online/seth-macfarlane-on-arizonas-immigration-law-gay-marriage-and-todays-culture/",
    },
  ],
  "labels": Array [],
  "notablePerson": Object {
    "name": "Seth MacFarlane",
  },
  "summary": "MacFarlane was raised a Catholic, but turned that into a joke by the time he was 11 years-old. Now, he proudly claims atheism.
MacFarlane is a big supporter of the Democratic Party and Obama. And in this case, big means big money. He's a liberal who supports gay marriage, liberal immigration policy, and the legalization of marijuana. ",
}
`;

exports[`tom-hanks 1`] = `
Object {
  "events": Array [
    Object {
      "comments": Array [
        Object {
          "text": "His religious beliefs are about as diverse as the characters he has played. Hanks' childhood was a hodgepodge of divorce and step-parents, each with their own views. Hanks has identified with everything from Mormonism to his most recent and enduring faith–Greek Orthodox.",
        },
      ],
      "isQuoteByNotablePerson": true,
      "quote": "The major religion I was exposed to in the first 10 years of my life was Catholicism. My stepmother became a Mormon. My aunt, whom I lived with for a long time, was a Nazarene, which is kind of ultra-super Methodist, and in high school, all my friends were Jews. For years I went to Wednesday-night Bible studies with my church group. So I had this peripatetic overview of various faiths, and the one thing I got from that was the intellectual pursuit involved. There was a lot of great stuff to think about.",
      "sourceUrl": "http://www.johnsanidopoulos.com/2009/05/orthodoxy-of-tom-hanks.html",
    },
    Object {
      "comments": Array [
        Object {
          "text": "In 2012, Hanks forcefully said he would back Obama once again and, despite widespread opinion to the opposite effect, said Obama had exceeded his expectations.",
        },
      ],
      "isQuoteByNotablePerson": true,
      "quote": "If you would have told me a few years ago that 'don't ask, don't tell' would be repealed and about a billion jobs at General Motors and Chrysler would have been saved because the president was smart enough and strong enough and bold enough to do so, I would have said, 'Wow. That's a good president, I think I'll vote for him again.'",
      "sourceUrl": "http://www.politico.com/blogs/click/0611/Tom_Hanks_Im_voting_for_Obama_again.html",
    },
  ],
  "labels": Array [],
  "notablePerson": Object {
    "name": "Tom Hanks",
  },
  "summary": "Hanks has run the gamut of Christian denominations from Mormonism to Catholicism but seems to have settled on Greek Orthodox.
Hanks is a hardcore Democrat and liberal, throwing his weight behind gay marriage, alternative energy, environmentalism, and Obama.",
}
`;
